../Drivers/lvgl/src/misc/cache/lv_image_header_cache.c:51:13:lv_image_header_cache_init	40	static
../Drivers/lvgl/src/misc/cache/lv_image_header_cache.c:68:6:lv_image_header_cache_resize	16	static
../Drivers/lvgl/src/misc/cache/lv_image_header_cache.c:76:6:lv_image_header_cache_drop	40	static
../Drivers/lvgl/src/misc/cache/lv_image_header_cache.c:91:6:lv_image_header_cache_is_enabled	8	static
../Drivers/lvgl/src/misc/cache/lv_image_header_cache.c:100:38:image_cache_common_compare	32	static
../Drivers/lvgl/src/misc/cache/lv_image_header_cache.c:120:31:image_header_cache_compare_cb	16	static
../Drivers/lvgl/src/misc/cache/lv_image_header_cache.c:127:13:image_header_cache_free_cb	16	static
