../Drivers/lvgl/src/themes/default/../../../src/misc/../draw/../misc/lv_color.h:261:24:lv_color_to_int	24	static
../Drivers/lvgl/src/themes/default/../../../src/misc/../draw/../misc/lv_color.h:273:20:lv_color_eq	24	static
../Drivers/lvgl/src/themes/default/../../../src/misc/../draw/../misc/lv_color.h:294:26:lv_color_hex	24	static
../Drivers/lvgl/src/themes/default/../../../src/misc/../draw/../misc/lv_color.h:310:26:lv_color_make	24	static
../Drivers/lvgl/src/themes/default/../../../src/misc/../draw/../misc/lv_color.h:438:26:lv_color_white	16	static
../Drivers/lvgl/src/themes/default/../../../src/misc/../draw/../misc/lv_color_op.h:49:48:lv_color_mix	32	static
../Drivers/lvgl/src/themes/default/../../../src/misc/../draw/../misc/lv_color_op.h:95:20:lv_color_filter_dsc_init	16	static
../Drivers/lvgl/src/themes/default/../../../src/core/../misc/lv_style.h:591:20:lv_style_set_size	24	static
../Drivers/lvgl/src/themes/default/../../../src/core/../misc/lv_style.h:597:20:lv_style_set_pad_all	16	static
../Drivers/lvgl/src/themes/default/../../../src/core/../misc/lv_style.h:605:20:lv_style_set_pad_hor	16	static
../Drivers/lvgl/src/themes/default/../../../src/core/../misc/lv_style.h:611:20:lv_style_set_pad_ver	16	static
../Drivers/lvgl/src/themes/default/../../../src/core/../misc/lv_style.h:617:20:lv_style_set_pad_gap	16	static
../Drivers/lvgl/src/themes/default/lv_theme_default.c:200:19:dark_color_filter_cb	32	static
../Drivers/lvgl/src/themes/default/lv_theme_default.c:206:19:grey_filter_cb	40	static
../Drivers/lvgl/src/themes/default/lv_theme_default.c:213:13:style_init	64	static
../Drivers/lvgl/src/themes/default/lv_theme_default.c:640:14:lv_theme_default_init	56	static
../Drivers/lvgl/src/themes/default/lv_theme_default.c:693:6:lv_theme_default_deinit	24	static
../Drivers/lvgl/src/themes/default/lv_theme_default.c:710:14:lv_theme_default_get	8	static
../Drivers/lvgl/src/themes/default/lv_theme_default.c:719:6:lv_theme_default_is_inited	16	static
../Drivers/lvgl/src/themes/default/lv_theme_default.c:726:13:theme_apply	24	static
../Drivers/lvgl/src/themes/default/lv_theme_default.c:1218:13:style_init_reset	16	static
