../Drivers/lvgl/src/core/../misc/lv_anim.h:192:20:lv_anim_set_var	16	static
../Drivers/lvgl/src/core/../misc/lv_anim.h:204:20:lv_anim_set_exec_cb	16	static
../Drivers/lvgl/src/core/../misc/lv_anim.h:214:20:lv_anim_set_duration	16	static
../Drivers/lvgl/src/core/../misc/lv_anim.h:232:20:lv_anim_set_delay	16	static
../Drivers/lvgl/src/core/../misc/lv_anim.h:299:20:lv_anim_set_completed_cb	16	static
../Drivers/lvgl/src/core/lv_obj_tree.c:51:6:lv_obj_delete	32	static
../Drivers/lvgl/src/core/lv_obj_tree.c:89:6:lv_obj_clean	24	static
../Drivers/lvgl/src/core/lv_obj_tree.c:119:6:lv_obj_delete_delayed	104	static
../Drivers/lvgl/src/core/lv_obj_tree.c:131:6:lv_obj_delete_anim_completed_cb	16	static
../Drivers/lvgl/src/core/lv_obj_tree.c:136:6:lv_obj_delete_async	16	static
../Drivers/lvgl/src/core/lv_obj_tree.c:142:6:lv_obj_set_parent	32	static
../Drivers/lvgl/src/core/lv_obj_tree.c:203:6:lv_obj_move_to_index	32	static
../Drivers/lvgl/src/core/lv_obj_tree.c:252:6:lv_obj_swap	32	static
../Drivers/lvgl/src/core/lv_obj_tree.c:285:12:lv_obj_get_screen	24	static
../Drivers/lvgl/src/core/lv_obj_tree.c:300:16:lv_obj_get_display	32	static
../Drivers/lvgl/src/core/lv_obj_tree.c:322:12:lv_obj_get_parent	16	static
../Drivers/lvgl/src/core/lv_obj_tree.c:330:12:lv_obj_get_child	24	static
../Drivers/lvgl/src/core/lv_obj_tree.c:350:12:lv_obj_get_child_by_type	32	static
../Drivers/lvgl/src/core/lv_obj_tree.c:378:12:lv_obj_get_sibling	24	static
../Drivers/lvgl/src/core/lv_obj_tree.c:387:12:lv_obj_get_sibling_by_type	32	static
../Drivers/lvgl/src/core/lv_obj_tree.c:398:10:lv_obj_get_child_count	16	static
../Drivers/lvgl/src/core/lv_obj_tree.c:405:10:lv_obj_get_child_count_by_type	24	static
../Drivers/lvgl/src/core/lv_obj_tree.c:418:9:lv_obj_get_index	24	static
../Drivers/lvgl/src/core/lv_obj_tree.c:435:9:lv_obj_get_index_by_type	32	static
../Drivers/lvgl/src/core/lv_obj_tree.c:456:6:lv_obj_tree_walk	24	static
../Drivers/lvgl/src/core/lv_obj_tree.c:461:6:lv_obj_dump_tree	24	static
../Drivers/lvgl/src/core/lv_obj_tree.c:482:13:lv_obj_delete_async_cb	16	static
../Drivers/lvgl/src/core/lv_obj_tree.c:489:13:obj_indev_reset	16	static
../Drivers/lvgl/src/core/lv_obj_tree.c:503:13:obj_delete_core	64	static
../Drivers/lvgl/src/core/lv_obj_tree.c:592:31:walk_core	40	static
../Drivers/lvgl/src/core/lv_obj_tree.c:622:13:dump_tree_core	24	static
../Drivers/lvgl/src/core/lv_obj_tree.c:646:19:lv_obj_get_first_not_deleting_child	24	static
