../Drivers/lvgl/src/core/../misc/../font/../draw/../misc/lv_area.h:119:20:lv_area_copy	16	static
../Drivers/lvgl/src/core/../misc/lv_style.h:445:20:lv_style_is_const	16	static
../Drivers/lvgl/src/core/../misc/lv_style.h:533:30:lv_style_get_prop_inlined	48	static
../Drivers/lvgl/src/core/lv_obj_style.h:228:26:lv_obj_style_get_selector_state	16	static
../Drivers/lvgl/src/core/lv_obj_style.h:233:25:lv_obj_style_get_selector_part	16	static
../Drivers/lvgl/src/core/lv_obj_style_gen.h:21:23:lv_obj_get_style_width	24	static
../Drivers/lvgl/src/core/lv_obj_style_gen.h:39:23:lv_obj_get_style_height	24	static
../Drivers/lvgl/src/core/lv_obj_style_gen.h:75:26:lv_obj_get_style_align	24	static
../Drivers/lvgl/src/core/lv_obj_style_gen.h:81:23:lv_obj_get_style_transform_width	24	static
../Drivers/lvgl/src/core/lv_obj_style_gen.h:87:23:lv_obj_get_style_transform_height	24	static
../Drivers/lvgl/src/core/lv_obj_style_gen.h:147:23:lv_obj_get_style_pad_top	24	static
../Drivers/lvgl/src/core/lv_obj_style_gen.h:159:23:lv_obj_get_style_pad_left	24	static
../Drivers/lvgl/src/core/lv_obj_style_gen.h:207:26:lv_obj_get_style_bg_color	24	static
../Drivers/lvgl/src/core/lv_obj_style_gen.h:219:24:lv_obj_get_style_bg_opa	24	static
../Drivers/lvgl/src/core/lv_obj_style_gen.h:237:29:lv_obj_get_style_bg_grad_dir	24	static
../Drivers/lvgl/src/core/lv_obj_style_gen.h:261:24:lv_obj_get_style_bg_grad_opa	24	static
../Drivers/lvgl/src/core/lv_obj_style_gen.h:267:37:lv_obj_get_style_bg_grad	24	static
../Drivers/lvgl/src/core/lv_obj_style_gen.h:309:26:lv_obj_get_style_border_color	24	static
../Drivers/lvgl/src/core/lv_obj_style_gen.h:321:24:lv_obj_get_style_border_opa	24	static
../Drivers/lvgl/src/core/lv_obj_style_gen.h:327:23:lv_obj_get_style_border_width	24	static
../Drivers/lvgl/src/core/lv_obj_style_gen.h:339:20:lv_obj_get_style_border_post	24	static
../Drivers/lvgl/src/core/lv_obj_style_gen.h:375:23:lv_obj_get_style_shadow_width	24	static
../Drivers/lvgl/src/core/lv_obj_style_gen.h:393:23:lv_obj_get_style_shadow_spread	24	static
../Drivers/lvgl/src/core/lv_obj_style_gen.h:399:26:lv_obj_get_style_shadow_color	24	static
../Drivers/lvgl/src/core/lv_obj_style_gen.h:411:24:lv_obj_get_style_shadow_opa	24	static
../Drivers/lvgl/src/core/lv_obj_style_gen.h:567:23:lv_obj_get_style_radius	24	static
../Drivers/lvgl/src/core/lv_obj_style_gen.h:573:20:lv_obj_get_style_clip_corner	24	static
../Drivers/lvgl/src/core/lv_obj_style_gen.h:579:24:lv_obj_get_style_opa	24	static
../Drivers/lvgl/src/core/lv_obj_style_gen.h:627:24:lv_obj_get_style_layout	24	static
../Drivers/lvgl/src/core/lv_obj.c:104:12:lv_obj_create	24	static
../Drivers/lvgl/src/core/lv_obj.c:122:6:lv_obj_add_flag	64	static
../Drivers/lvgl/src/core/lv_obj.c:159:6:lv_obj_remove_flag	56	static
../Drivers/lvgl/src/core/lv_obj.c:187:6:lv_obj_update_flag	24	static
../Drivers/lvgl/src/core/lv_obj.c:193:6:lv_obj_add_state	24	static
../Drivers/lvgl/src/core/lv_obj.c:208:6:lv_obj_remove_state	24	static
../Drivers/lvgl/src/core/lv_obj.c:218:6:lv_obj_set_state	16	static
../Drivers/lvgl/src/core/lv_obj.c:228:6:lv_obj_has_flag	16	static
../Drivers/lvgl/src/core/lv_obj.c:235:6:lv_obj_has_flag_any	16	static
../Drivers/lvgl/src/core/lv_obj.c:242:12:lv_obj_get_state	16	static
../Drivers/lvgl/src/core/lv_obj.c:249:6:lv_obj_has_state	16	static
../Drivers/lvgl/src/core/lv_obj.c:256:14:lv_obj_get_group	16	static
../Drivers/lvgl/src/core/lv_obj.c:268:6:lv_obj_allocate_spec_attr	16	static
../Drivers/lvgl/src/core/lv_obj.c:282:6:lv_obj_check_type	16	static
../Drivers/lvgl/src/core/lv_obj.c:288:6:lv_obj_has_class	24	static
../Drivers/lvgl/src/core/lv_obj.c:299:24:lv_obj_get_class	16	static
../Drivers/lvgl/src/core/lv_obj.c:304:6:lv_obj_is_valid	32	static
../Drivers/lvgl/src/core/lv_obj.c:361:13:lv_obj_constructor	40	static
../Drivers/lvgl/src/core/lv_obj.c:396:13:lv_obj_destructor	24	static
../Drivers/lvgl/src/core/lv_obj.c:431:13:lv_obj_draw	232	static
../Drivers/lvgl/src/core/lv_obj.c:528:13:draw_scrollbar	168	static
../Drivers/lvgl/src/core/lv_obj.c:557:20:scrollbar_init_draw_dsc	32	static
../Drivers/lvgl/src/core/lv_obj.c:605:13:lv_obj_event	160	static
../Drivers/lvgl/src/core/lv_obj.c:774:13:update_obj_state	88	static
../Drivers/lvgl/src/core/lv_obj.c:852:13:obj_valid_child	32	static
