../Drivers/lvgl/src/core/../misc/lv_area.h:132:23:lv_area_get_width	16	static
../Drivers/lvgl/src/core/../misc/lv_area.h:142:23:lv_area_get_height	16	static
../Drivers/lvgl/src/core/../misc/lv_anim.h:192:20:lv_anim_set_var	16	static
../Drivers/lvgl/src/core/../misc/lv_anim.h:204:20:lv_anim_set_exec_cb	16	static
../Drivers/lvgl/src/core/../misc/lv_anim.h:214:20:lv_anim_set_duration	16	static
../Drivers/lvgl/src/core/../misc/lv_anim.h:243:20:lv_anim_set_values	24	static
../Drivers/lvgl/src/core/../misc/lv_anim.h:268:20:lv_anim_set_path_cb	16	static
../Drivers/lvgl/src/core/../misc/lv_anim.h:309:20:lv_anim_set_deleted_cb	16	static
../Drivers/lvgl/src/core/lv_obj_style_gen.h:21:23:lv_obj_get_style_width	24	static
../Drivers/lvgl/src/core/lv_obj_style_gen.h:147:23:lv_obj_get_style_pad_top	24	static
../Drivers/lvgl/src/core/lv_obj_style_gen.h:153:23:lv_obj_get_style_pad_bottom	24	static
../Drivers/lvgl/src/core/lv_obj_style_gen.h:159:23:lv_obj_get_style_pad_left	24	static
../Drivers/lvgl/src/core/lv_obj_style_gen.h:165:23:lv_obj_get_style_pad_right	24	static
../Drivers/lvgl/src/core/lv_obj_style_gen.h:189:23:lv_obj_get_style_margin_bottom	24	static
../Drivers/lvgl/src/core/lv_obj_style_gen.h:195:23:lv_obj_get_style_margin_left	24	static
../Drivers/lvgl/src/core/lv_obj_style_gen.h:201:23:lv_obj_get_style_margin_right	24	static
../Drivers/lvgl/src/core/lv_obj_style_gen.h:219:24:lv_obj_get_style_bg_opa	24	static
../Drivers/lvgl/src/core/lv_obj_style_gen.h:321:24:lv_obj_get_style_border_opa	24	static
../Drivers/lvgl/src/core/lv_obj_style_gen.h:327:23:lv_obj_get_style_border_width	24	static
../Drivers/lvgl/src/core/lv_obj_style_gen.h:333:32:lv_obj_get_style_border_side	24	static
../Drivers/lvgl/src/core/lv_obj_style_gen.h:633:29:lv_obj_get_style_base_dir	24	static
../Drivers/lvgl/src/core/lv_obj_style.h:300:23:lv_obj_get_style_space_left	32	static
../Drivers/lvgl/src/core/lv_obj_style.h:308:23:lv_obj_get_style_space_right	32	static
../Drivers/lvgl/src/core/lv_obj_style.h:316:23:lv_obj_get_style_space_top	32	static
../Drivers/lvgl/src/core/lv_obj_style.h:324:23:lv_obj_get_style_space_bottom	32	static
../Drivers/lvgl/src/core/lv_obj_scroll.c:56:6:lv_obj_set_scrollbar_mode	16	static
../Drivers/lvgl/src/core/lv_obj_scroll.c:67:6:lv_obj_set_scroll_dir	16	static
../Drivers/lvgl/src/core/lv_obj_scroll.c:76:6:lv_obj_set_scroll_snap_x	16	static
../Drivers/lvgl/src/core/lv_obj_scroll.c:82:6:lv_obj_set_scroll_snap_y	16	static
../Drivers/lvgl/src/core/lv_obj_scroll.c:92:21:lv_obj_get_scrollbar_mode	16	static
../Drivers/lvgl/src/core/lv_obj_scroll.c:98:10:lv_obj_get_scroll_dir	16	static
../Drivers/lvgl/src/core/lv_obj_scroll.c:104:18:lv_obj_get_scroll_snap_x	16	static
../Drivers/lvgl/src/core/lv_obj_scroll.c:110:18:lv_obj_get_scroll_snap_y	16	static
../Drivers/lvgl/src/core/lv_obj_scroll.c:116:9:lv_obj_get_scroll_x	16	static
../Drivers/lvgl/src/core/lv_obj_scroll.c:122:9:lv_obj_get_scroll_y	16	static
../Drivers/lvgl/src/core/lv_obj_scroll.c:128:9:lv_obj_get_scroll_top	16	static
../Drivers/lvgl/src/core/lv_obj_scroll.c:134:9:lv_obj_get_scroll_bottom	56	static
../Drivers/lvgl/src/core/lv_obj_scroll.c:162:9:lv_obj_get_scroll_left	64	static
../Drivers/lvgl/src/core/lv_obj_scroll.c:205:9:lv_obj_get_scroll_right	56	static
../Drivers/lvgl/src/core/lv_obj_scroll.c:242:6:lv_obj_get_scroll_end	24	static
../Drivers/lvgl/src/core/lv_obj_scroll.c:256:6:lv_obj_scroll_by_bounded	64	static
../Drivers/lvgl/src/core/lv_obj_scroll.c:304:6:lv_obj_scroll_by	144	static
../Drivers/lvgl/src/core/lv_obj_scroll.c:361:6:lv_obj_scroll_to	24	static
../Drivers/lvgl/src/core/lv_obj_scroll.c:367:6:lv_obj_scroll_to_x	32	static
../Drivers/lvgl/src/core/lv_obj_scroll.c:377:6:lv_obj_scroll_to_y	32	static
../Drivers/lvgl/src/core/lv_obj_scroll.c:387:6:lv_obj_scroll_to_view	24	static
../Drivers/lvgl/src/core/lv_obj_scroll.c:396:6:lv_obj_scroll_to_view_recursive	32	static
../Drivers/lvgl/src/core/lv_obj_scroll.c:411:13:_lv_obj_scroll_by_raw	32	static
../Drivers/lvgl/src/core/lv_obj_scroll.c:427:6:lv_obj_is_scrolling	24	static
../Drivers/lvgl/src/core/lv_obj_scroll.c:438:6:lv_obj_update_snap	24	static
../Drivers/lvgl/src/core/lv_obj_scroll.c:448:6:lv_obj_get_scrollbar_area	144	static
../Drivers/lvgl/src/core/lv_obj_scroll.c:621:6:lv_obj_scrollbar_invalidate	48	static
../Drivers/lvgl/src/core/lv_obj_scroll.c:633:6:lv_obj_readjust_scroll	32	static
../Drivers/lvgl/src/core/lv_obj_scroll.c:670:13:scroll_x_anim	16	static
../Drivers/lvgl/src/core/lv_obj_scroll.c:675:13:scroll_y_anim	16	static
../Drivers/lvgl/src/core/lv_obj_scroll.c:680:13:scroll_end_cb	16	static
../Drivers/lvgl/src/core/lv_obj_scroll.c:686:13:scroll_area_into_view	120	static
