../Drivers/lvgl/src/core/../misc/../font/../draw/../misc/../stdlib/lv_string.h:73:20:lv_memzero	16	static
../Drivers/lvgl/src/core/../misc/../font/../draw/../misc/lv_color.h:261:24:lv_color_to_int	24	static
../Drivers/lvgl/src/core/../misc/../font/../draw/../misc/lv_color.h:273:20:lv_color_eq	24	static
../Drivers/lvgl/src/core/../misc/../font/../draw/../misc/lv_color_op.h:49:48:lv_color_mix	32	static
../Drivers/lvgl/src/core/../misc/lv_ll.h:84:20:_lv_ll_clear	16	static
../Drivers/lvgl/src/core/../misc/lv_anim.h:192:20:lv_anim_set_var	16	static
../Drivers/lvgl/src/core/../misc/lv_anim.h:204:20:lv_anim_set_exec_cb	16	static
../Drivers/lvgl/src/core/../misc/lv_anim.h:214:20:lv_anim_set_duration	16	static
../Drivers/lvgl/src/core/../misc/lv_anim.h:232:20:lv_anim_set_delay	16	static
../Drivers/lvgl/src/core/../misc/lv_anim.h:243:20:lv_anim_set_values	24	static
../Drivers/lvgl/src/core/../misc/lv_anim.h:268:20:lv_anim_set_path_cb	16	static
../Drivers/lvgl/src/core/../misc/lv_anim.h:278:20:lv_anim_set_start_cb	16	static
../Drivers/lvgl/src/core/../misc/lv_anim.h:299:20:lv_anim_set_completed_cb	16	static
../Drivers/lvgl/src/core/../misc/lv_anim.h:368:20:lv_anim_set_early_apply	16	static
../Drivers/lvgl/src/core/../misc/lv_anim.h:378:20:lv_anim_set_user_data	16	static
../Drivers/lvgl/src/core/../misc/lv_bidi.h:136:20:lv_bidi_calculate_align	24	static
../Drivers/lvgl/src/core/../misc/lv_style.h:445:20:lv_style_is_const	16	static
../Drivers/lvgl/src/core/../misc/lv_style.h:533:30:lv_style_get_prop_inlined	48	static
../Drivers/lvgl/src/core/../misc/lv_style.h:573:24:_lv_style_get_prop_group	24	static
../Drivers/lvgl/src/core/../misc/lv_style.h:639:20:lv_style_prop_has_flag	16	static
../Drivers/lvgl/src/core/lv_obj_style.h:228:26:lv_obj_style_get_selector_state	16	static
../Drivers/lvgl/src/core/lv_obj_style.h:233:25:lv_obj_style_get_selector_part	16	static
../Drivers/lvgl/src/core/lv_obj_style_gen.h:21:23:lv_obj_get_style_width	24	static
../Drivers/lvgl/src/core/lv_obj_style_gen.h:39:23:lv_obj_get_style_height	24	static
../Drivers/lvgl/src/core/lv_obj_style_gen.h:105:23:lv_obj_get_style_transform_scale_x	24	static
../Drivers/lvgl/src/core/lv_obj_style_gen.h:111:23:lv_obj_get_style_transform_scale_y	24	static
../Drivers/lvgl/src/core/lv_obj_style_gen.h:117:23:lv_obj_get_style_transform_rotation	24	static
../Drivers/lvgl/src/core/lv_obj_style_gen.h:135:23:lv_obj_get_style_transform_skew_x	24	static
../Drivers/lvgl/src/core/lv_obj_style_gen.h:141:23:lv_obj_get_style_transform_skew_y	24	static
../Drivers/lvgl/src/core/lv_obj_style_gen.h:561:31:lv_obj_get_style_text_align	24	static
../Drivers/lvgl/src/core/lv_obj_style_gen.h:579:24:lv_obj_get_style_opa	24	static
../Drivers/lvgl/src/core/lv_obj_style_gen.h:585:24:lv_obj_get_style_opa_layered	24	static
../Drivers/lvgl/src/core/lv_obj_style_gen.h:591:45:lv_obj_get_style_color_filter_dsc	24	static
../Drivers/lvgl/src/core/lv_obj_style_gen.h:597:24:lv_obj_get_style_color_filter_opa	24	static
../Drivers/lvgl/src/core/lv_obj_style_gen.h:621:31:lv_obj_get_style_blend_mode	24	static
../Drivers/lvgl/src/core/lv_obj_style_gen.h:633:29:lv_obj_get_style_base_dir	24	static
../Drivers/lvgl/src/core/lv_obj_style_gen.h:639:28:lv_obj_get_style_bitmap_mask_src	24	static
../Drivers/lvgl/src/core/lv_obj_style.c:81:6:_lv_obj_style_init	8	static
../Drivers/lvgl/src/core/lv_obj_style.c:86:6:_lv_obj_style_deinit	8	static
../Drivers/lvgl/src/core/lv_obj_style.c:95:6:lv_obj_add_style	40	static
../Drivers/lvgl/src/core/lv_obj_style.c:154:6:lv_obj_replace_style	48	static
../Drivers/lvgl/src/core/lv_obj_style.c:200:6:lv_obj_remove_style	56	static
../Drivers/lvgl/src/core/lv_obj_style.c:253:6:lv_obj_remove_style_all	16	static
../Drivers/lvgl/src/core/lv_obj_style.c:258:6:lv_obj_report_style_change	24	static
../Drivers/lvgl/src/core/lv_obj_style.c:272:6:lv_obj_refresh_style	40	static
../Drivers/lvgl/src/core/lv_obj_style.c:318:6:lv_obj_enable_style_refresh	16	static
../Drivers/lvgl/src/core/lv_obj_style.c:323:18:lv_obj_get_style_prop	40	static
../Drivers/lvgl/src/core/lv_obj_style.c:337:6:lv_obj_has_style_prop	32	static
../Drivers/lvgl/src/core/lv_obj_style.c:350:6:lv_obj_set_local_style_prop	32	static
../Drivers/lvgl/src/core/lv_obj_style.c:373:16:lv_obj_get_local_style_prop	32	static
../Drivers/lvgl/src/core/lv_obj_style.c:387:6:lv_obj_remove_local_style_prop	32	static
../Drivers/lvgl/src/core/lv_obj_style.c:412:6:_lv_obj_style_create_transition	136	static
../Drivers/lvgl/src/core/lv_obj_style.c:467:18:_lv_obj_style_apply_color_filter	40	static
../Drivers/lvgl/src/core/lv_obj_style.c:478:23:_lv_obj_style_state_compare	40	static
../Drivers/lvgl/src/core/lv_obj_style.c:539:6:lv_obj_fade_in	112	static
../Drivers/lvgl/src/core/lv_obj_style.c:552:6:lv_obj_fade_out	112	static
../Drivers/lvgl/src/core/lv_obj_style.c:564:17:lv_obj_calculate_style_text_align	32	static
../Drivers/lvgl/src/core/lv_obj_style.c:572:10:lv_obj_get_style_opa_recursive	24	static
../Drivers/lvgl/src/core/lv_obj_style.c:605:6:_lv_obj_update_layer_type	24	static
../Drivers/lvgl/src/core/lv_obj_style.c:626:21:get_local_style	32	static
../Drivers/lvgl/src/core/lv_obj_style.c:664:26:get_trans_style	32	static
../Drivers/lvgl/src/core/lv_obj_style.c:691:23:get_prop_core	72	static
../Drivers/lvgl/src/core/lv_obj_style.c:750:13:report_style_change_core	24	static
../Drivers/lvgl/src/core/lv_obj_style.c:772:13:refresh_children_style	32	static
../Drivers/lvgl/src/core/lv_obj_style.c:795:13:trans_delete	40	static
../Drivers/lvgl/src/core/lv_obj_style.c:829:13:trans_anim_cb	40	static
../Drivers/lvgl/src/core/lv_obj_style.c:893:13:trans_anim_start_cb	40	static
../Drivers/lvgl/src/core/lv_obj_style.c:916:13:trans_anim_completed_cb	48	static
../Drivers/lvgl/src/core/lv_obj_style.c:954:24:calculate_layer_type	16	static
../Drivers/lvgl/src/core/lv_obj_style.c:967:13:full_cache_refresh	16	static
../Drivers/lvgl/src/core/lv_obj_style.c:1017:13:fade_anim_cb	16	static
../Drivers/lvgl/src/core/lv_obj_style.c:1022:13:fade_in_anim_completed	16	static
../Drivers/lvgl/src/core/lv_obj_style.c:1027:13:style_has_flag	32	static
../Drivers/lvgl/src/core/lv_obj_style.c:1050:23:get_selector_style_prop	40	static
