../Drivers/lvgl/src/core/../misc/../font/../draw/../misc/lv_area.h:119:20:lv_area_copy	16	static
../Drivers/lvgl/src/core/../misc/../font/../draw/../misc/lv_area.h:132:23:lv_area_get_width	16	static
../Drivers/lvgl/src/core/../misc/../font/../draw/../misc/lv_area.h:142:23:lv_area_get_height	16	static
../Drivers/lvgl/src/core/../misc/../font/../draw/../misc/../stdlib/lv_string.h:73:20:lv_memzero	16	static
../Drivers/lvgl/src/core/../misc/../font/../draw/../misc/lv_color.h:236:23:lv_color_format_get_size	16	static
../Drivers/lvgl/src/core/../misc/lv_ll.h:84:20:_lv_ll_clear	16	static
../Drivers/lvgl/src/core/lv_obj_style_gen.h:105:23:lv_obj_get_style_transform_scale_x	24	static
../Drivers/lvgl/src/core/lv_obj_style_gen.h:111:23:lv_obj_get_style_transform_scale_y	24	static
../Drivers/lvgl/src/core/lv_obj_style_gen.h:117:23:lv_obj_get_style_transform_rotation	24	static
../Drivers/lvgl/src/core/lv_obj_style_gen.h:123:23:lv_obj_get_style_transform_pivot_x	24	static
../Drivers/lvgl/src/core/lv_obj_style_gen.h:129:23:lv_obj_get_style_transform_pivot_y	24	static
../Drivers/lvgl/src/core/lv_obj_style_gen.h:135:23:lv_obj_get_style_transform_skew_x	24	static
../Drivers/lvgl/src/core/lv_obj_style_gen.h:141:23:lv_obj_get_style_transform_skew_y	24	static
../Drivers/lvgl/src/core/lv_obj_style_gen.h:567:23:lv_obj_get_style_radius	24	static
../Drivers/lvgl/src/core/lv_obj_style_gen.h:573:20:lv_obj_get_style_clip_corner	24	static
../Drivers/lvgl/src/core/lv_obj_style_gen.h:585:24:lv_obj_get_style_opa_layered	24	static
../Drivers/lvgl/src/core/lv_obj_style_gen.h:621:31:lv_obj_get_style_blend_mode	24	static
../Drivers/lvgl/src/core/lv_obj_style_gen.h:639:28:lv_obj_get_style_bitmap_mask_src	24	static
../Drivers/lvgl/src/core/lv_refr.c:69:6:_lv_refr_init	4	static
../Drivers/lvgl/src/core/lv_refr.c:73:6:_lv_refr_deinit	4	static
../Drivers/lvgl/src/core/lv_refr.c:77:6:lv_refr_now	24	static
../Drivers/lvgl/src/core/lv_refr.c:94:6:lv_obj_redraw	352	static
../Drivers/lvgl/src/core/lv_refr.c:251:6:_lv_inv_area	72	static
../Drivers/lvgl/src/core/lv_refr.c:321:16:_lv_refr_get_disp_refreshing	4	static
../Drivers/lvgl/src/core/lv_refr.c:330:6:_lv_refr_set_disp_refreshing	16	static
../Drivers/lvgl/src/core/lv_refr.c:335:6:_lv_display_refr_timer	40	static
../Drivers/lvgl/src/core/lv_refr.c:428:13:lv_refr_join_area	40	static
../Drivers/lvgl/src/core/lv_refr.c:467:13:refr_sync_areas	136	static
../Drivers/lvgl/src/core/lv_refr.c:545:13:refr_invalid_areas	16	static
../Drivers/lvgl/src/core/lv_refr.c:585:13:layer_reshape_draw_buf	48	static
../Drivers/lvgl/src/core/lv_refr.c:601:13:refr_area	96	static
../Drivers/lvgl/src/core/lv_refr.c:678:13:refr_area_part	48	static
../Drivers/lvgl/src/core/lv_refr.c:748:19:lv_refr_get_top_obj	40	static
../Drivers/lvgl/src/core/lv_refr.c:788:13:refr_obj_and_children	40	static
../Drivers/lvgl/src/core/lv_refr.c:836:20:layer_get_area	104	static
../Drivers/lvgl/src/core/lv_refr.c:880:13:alpha_test_area_on_obj	24	static
../Drivers/lvgl/src/core/lv_refr.c:894:6:refr_obj	224	static
../Drivers/lvgl/src/core/lv_refr.c:980:17:get_max_row	56	static
../Drivers/lvgl/src/core/lv_refr.c:1022:13:draw_buf_flush	24	static
../Drivers/lvgl/src/core/lv_refr.c:1061:13:call_flush_cb	40	static
../Drivers/lvgl/src/core/lv_refr.c:1087:13:wait_for_flushing	16	static
