../Drivers/tft/ili9341.c:99:6:ILI9341_SPI_Send	16	static
../Drivers/tft/ili9341.c:105:6:ILI9341_Write_Command	16	static
../Drivers/tft/ili9341.c:114:6:ILI9341_Write_Data	16	static
../Drivers/tft/ili9341.c:123:6:ILI9341_Set_Address	24	static
../Drivers/tft/ili9341.c:141:6:ILI9341_Reset	8	static
../Drivers/tft/ili9341.c:151:6:ILI9341_Set_Rotation	24	static
../Drivers/tft/ili9341.c:188:6:ILI9341_Enable	8	static
../Drivers/tft/ili9341.c:194:6:ILI9341_Init	8	static
../Drivers/tft/ili9341.c:334:6:ILI9341_Draw_Colour	24	static
../Drivers/tft/ili9341.c:346:6:ILI9341_Draw_Colour_Burst	80	dynamic
../Drivers/tft/ili9341.c:388:6:ILI9341_Draw_Buffer	56	dynamic
../Drivers/tft/ili9341.c:433:6:ILI9341_Fill_Screen	16	static
../Drivers/tft/ili9341.c:445:6:ILI9341_Draw_Pixel	32	static
../Drivers/tft/ili9341.c:496:6:ILI9341_Draw_Rectangle	24	static
../Drivers/tft/ili9341.c:512:6:ILI9341_Draw_Horizontal_Line	24	static
../Drivers/tft/ili9341.c:524:6:ILI9341_Draw_Vertical_Line	24	static
../Drivers/tft/ili9341.c:536:6:ILI9341_Draw_Bitmap	24	static
