../Drivers/lvgl/src/draw/sw/lv_draw_sw.c:140:6:lv_draw_sw_init	16	static
../Drivers/lvgl/src/draw/sw/lv_draw_sw.c:165:6:lv_draw_sw_deinit	8	static
../Drivers/lvgl/src/draw/sw/lv_draw_sw.c:176:16:lv_draw_sw_delete	16	static
../Drivers/lvgl/src/draw/sw/lv_draw_sw.c:195:6:lv_draw_sw_rgb565_swap	32	static
../Drivers/lvgl/src/draw/sw/lv_draw_sw.c:229:6:lv_draw_sw_i1_invert	32	static
../Drivers/lvgl/src/draw/sw/lv_draw_sw.c:260:6:lv_draw_sw_rotate	32	static
../Drivers/lvgl/src/draw/sw/lv_draw_sw.c:342:20:execute_drawing_unit	16	static
../Drivers/lvgl/src/draw/sw/lv_draw_sw.c:353:16:evaluate	24	static
../Drivers/lvgl/src/draw/sw/lv_draw_sw.c:391:16:dispatch	32	static
../Drivers/lvgl/src/draw/sw/lv_draw_sw.c:460:13:execute_drawing	24	static
../Drivers/lvgl/src/draw/sw/lv_draw_sw.c:553:13:rotate270_argb8888	40	static
../Drivers/lvgl/src/draw/sw/lv_draw_sw.c:574:13:rotate180_argb8888	40	static
../Drivers/lvgl/src/draw/sw/lv_draw_sw.c:593:13:rotate90_argb8888	40	static
../Drivers/lvgl/src/draw/sw/lv_draw_sw.c:618:13:rotate270_rgb888	40	static
../Drivers/lvgl/src/draw/sw/lv_draw_sw.c:636:13:rotate180_rgb888	40	static
../Drivers/lvgl/src/draw/sw/lv_draw_sw.c:654:13:rotate90_rgb888	40	static
../Drivers/lvgl/src/draw/sw/lv_draw_sw.c:676:13:rotate270_rgb565	40	static
../Drivers/lvgl/src/draw/sw/lv_draw_sw.c:697:13:rotate180_rgb565	40	static
../Drivers/lvgl/src/draw/sw/lv_draw_sw.c:716:13:rotate90_rgb565	40	static
