../Drivers/lvgl/src/draw/sw/../../misc/../font/../draw/../misc/lv_area.h:119:20:lv_area_copy	16	static
../Drivers/lvgl/src/draw/sw/../../misc/../font/../draw/../misc/lv_area.h:132:23:lv_area_get_width	16	static
../Drivers/lvgl/src/draw/sw/../../misc/../font/../draw/../misc/lv_area.h:142:23:lv_area_get_height	16	static
../Drivers/lvgl/src/draw/sw/../../misc/../font/../draw/../misc/lv_area.h:302:20:lv_point_set	24	static
../Drivers/lvgl/src/draw/sw/../../misc/../font/../draw/../misc/../stdlib/lv_string.h:73:20:lv_memzero	16	static
../Drivers/lvgl/src/draw/sw/lv_draw_sw_mask.c:80:6:lv_draw_sw_mask_init	8	static
../Drivers/lvgl/src/draw/sw/lv_draw_sw_mask.c:85:6:lv_draw_sw_mask_deinit	8	static
../Drivers/lvgl/src/draw/sw/lv_draw_sw_mask.c:90:45:lv_draw_sw_mask_apply	56	static
../Drivers/lvgl/src/draw/sw/lv_draw_sw_mask.c:109:6:lv_draw_sw_mask_free_param	24	static
../Drivers/lvgl/src/draw/sw/lv_draw_sw_mask.c:129:6:_lv_draw_sw_mask_cleanup	16	static
../Drivers/lvgl/src/draw/sw/lv_draw_sw_mask.c:140:6:lv_draw_sw_mask_line_points_init	48	static
../Drivers/lvgl/src/draw/sw/lv_draw_sw_mask.c:222:6:lv_draw_sw_mask_line_angle_init	40	static
../Drivers/lvgl/src/draw/sw/lv_draw_sw_mask.c:240:6:lv_draw_sw_mask_angle_init	40	static
../Drivers/lvgl/src/draw/sw/lv_draw_sw_mask.c:293:6:lv_draw_sw_mask_radius_init	48	static
../Drivers/lvgl/src/draw/sw/lv_draw_sw_mask.c:356:6:lv_draw_sw_mask_fade_init	24	static
../Drivers/lvgl/src/draw/sw/lv_draw_sw_mask.c:369:6:lv_draw_sw_mask_map_init	24	static
../Drivers/lvgl/src/draw/sw/lv_draw_sw_mask.c:381:52:lv_draw_mask_line	48	static
../Drivers/lvgl/src/draw/sw/lv_draw_sw_mask.c:441:52:line_mask_flat	64	static
../Drivers/lvgl/src/draw/sw/lv_draw_sw_mask.c:558:52:line_mask_steep	80	static
../Drivers/lvgl/src/draw/sw/lv_draw_sw_mask.c:701:52:lv_draw_mask_angle	96	static
../Drivers/lvgl/src/draw/sw/lv_draw_sw_mask.c:839:52:lv_draw_mask_radius	128	static
../Drivers/lvgl/src/draw/sw/lv_draw_sw_mask.c:949:52:lv_draw_mask_fade	56	static
../Drivers/lvgl/src/draw/sw/lv_draw_sw_mask.c:995:52:lv_draw_mask_map	48	static
../Drivers/lvgl/src/draw/sw/lv_draw_sw_mask.c:1035:13:circ_init	24	static
../Drivers/lvgl/src/draw/sw/lv_draw_sw_mask.c:1047:13:circ_cont	16	static
../Drivers/lvgl/src/draw/sw/lv_draw_sw_mask.c:1057:13:circ_next	16	static
../Drivers/lvgl/src/draw/sw/lv_draw_sw_mask.c:1070:13:circ_calc_aa4	104	static
../Drivers/lvgl/src/draw/sw/lv_draw_sw_mask.c:1219:19:get_next_line	24	static
../Drivers/lvgl/src/draw/sw/lv_draw_sw_mask.c:1227:46:mask_mix	16	static
