../Drivers/lvgl/src/widgets/label/../../core/../misc/../font/../draw/../misc/lv_area.h:132:23:lv_area_get_width	16	static
../Drivers/lvgl/src/widgets/label/../../core/../misc/../font/../draw/../misc/lv_area.h:142:23:lv_area_get_height	16	static
../Drivers/lvgl/src/widgets/label/../../core/../misc/../font/../draw/../misc/lv_area.h:302:20:lv_point_set	24	static
../Drivers/lvgl/src/widgets/label/../../core/../misc/../font/lv_font.h:176:23:lv_font_get_line_height	16	static
../Drivers/lvgl/src/widgets/label/../../core/../misc/lv_anim.h:192:20:lv_anim_set_var	16	static
../Drivers/lvgl/src/widgets/label/../../core/../misc/lv_anim.h:204:20:lv_anim_set_exec_cb	16	static
../Drivers/lvgl/src/widgets/label/../../core/../misc/lv_anim.h:214:20:lv_anim_set_duration	16	static
../Drivers/lvgl/src/widgets/label/../../core/../misc/lv_anim.h:243:20:lv_anim_set_values	24	static
../Drivers/lvgl/src/widgets/label/../../core/../misc/lv_anim.h:319:20:lv_anim_set_playback_duration	16	static
../Drivers/lvgl/src/widgets/label/../../core/../misc/lv_anim.h:337:20:lv_anim_set_playback_delay	16	static
../Drivers/lvgl/src/widgets/label/../../core/../misc/lv_anim.h:347:20:lv_anim_set_repeat_count	16	static
../Drivers/lvgl/src/widgets/label/../../core/../misc/lv_anim.h:357:20:lv_anim_set_repeat_delay	16	static
../Drivers/lvgl/src/widgets/label/../../core/../misc/lv_bidi.h:136:20:lv_bidi_calculate_align	24	static
../Drivers/lvgl/src/widgets/label/../../core/lv_obj_style_gen.h:21:23:lv_obj_get_style_width	24	static
../Drivers/lvgl/src/widgets/label/../../core/lv_obj_style_gen.h:33:23:lv_obj_get_style_max_width	24	static
../Drivers/lvgl/src/widgets/label/../../core/lv_obj_style_gen.h:147:23:lv_obj_get_style_pad_top	24	static
../Drivers/lvgl/src/widgets/label/../../core/lv_obj_style_gen.h:159:23:lv_obj_get_style_pad_left	24	static
../Drivers/lvgl/src/widgets/label/../../core/lv_obj_style_gen.h:207:26:lv_obj_get_style_bg_color	24	static
../Drivers/lvgl/src/widgets/label/../../core/lv_obj_style_gen.h:525:26:lv_obj_get_style_text_color_filtered	32	static
../Drivers/lvgl/src/widgets/label/../../core/lv_obj_style_gen.h:537:33:lv_obj_get_style_text_font	24	static
../Drivers/lvgl/src/widgets/label/../../core/lv_obj_style_gen.h:543:23:lv_obj_get_style_text_letter_space	24	static
../Drivers/lvgl/src/widgets/label/../../core/lv_obj_style_gen.h:549:23:lv_obj_get_style_text_line_space	24	static
../Drivers/lvgl/src/widgets/label/../../core/lv_obj_style_gen.h:603:33:lv_obj_get_style_anim	24	static
../Drivers/lvgl/src/widgets/label/../../core/lv_obj_style_gen.h:609:24:lv_obj_get_style_anim_duration	24	static
../Drivers/lvgl/src/widgets/label/lv_label.c:82:12:lv_label_create	24	static
../Drivers/lvgl/src/widgets/label/lv_label.c:94:6:lv_label_set_text	24	static
../Drivers/lvgl/src/widgets/label/lv_label.c:137:6:lv_label_set_text_fmt	28	static
../Drivers/lvgl/src/widgets/label/lv_label.c:165:6:lv_label_set_text_static	24	static
../Drivers/lvgl/src/widgets/label/lv_label.c:183:6:lv_label_set_long_mode	24	static
../Drivers/lvgl/src/widgets/label/lv_label.c:208:6:lv_label_set_text_selection_start	24	static
../Drivers/lvgl/src/widgets/label/lv_label.c:222:6:lv_label_set_text_selection_end	24	static
../Drivers/lvgl/src/widgets/label/lv_label.c:240:8:lv_label_get_text	24	static
../Drivers/lvgl/src/widgets/label/lv_label.c:247:22:lv_label_get_long_mode	24	static
../Drivers/lvgl/src/widgets/label/lv_label.c:254:6:lv_label_get_letter_pos	136	static
../Drivers/lvgl/src/widgets/label/lv_label.c:361:10:lv_label_get_letter_on	176	static
../Drivers/lvgl/src/widgets/label/lv_label.c:481:6:lv_label_is_char_under_pos	128	static
../Drivers/lvgl/src/widgets/label/lv_label.c:555:10:lv_label_get_text_selection_start	24	static
../Drivers/lvgl/src/widgets/label/lv_label.c:568:10:lv_label_get_text_selection_end	24	static
../Drivers/lvgl/src/widgets/label/lv_label.c:585:6:lv_label_ins_text	40	static
../Drivers/lvgl/src/widgets/label/lv_label.c:613:6:lv_label_cut_text	32	static
../Drivers/lvgl/src/widgets/label/lv_label.c:635:13:lv_label_constructor	24	static
../Drivers/lvgl/src/widgets/label/lv_label.c:668:13:lv_label_destructor	24	static
../Drivers/lvgl/src/widgets/label/lv_label.c:678:13:lv_label_event	80	static
../Drivers/lvgl/src/widgets/label/lv_label.c:731:13:draw_main	224	static
../Drivers/lvgl/src/widgets/label/lv_label.c:826:13:overwrite_anim_property	24	static
../Drivers/lvgl/src/widgets/label/lv_label.c:855:13:lv_label_refr_text	296	static
../Drivers/lvgl/src/widgets/label/lv_label.c:1137:13:lv_label_revert_dots	40	static
../Drivers/lvgl/src/widgets/label/lv_label.c:1168:13:lv_label_set_dot_tmp	32	static
../Drivers/lvgl/src/widgets/label/lv_label.c:1198:15:lv_label_get_dot_tmp	24	static
../Drivers/lvgl/src/widgets/label/lv_label.c:1214:13:lv_label_dot_tmp_free	24	static
../Drivers/lvgl/src/widgets/label/lv_label.c:1224:13:set_ofs_x_anim	24	static
../Drivers/lvgl/src/widgets/label/lv_label.c:1231:13:set_ofs_y_anim	24	static
../Drivers/lvgl/src/widgets/label/lv_label.c:1238:15:get_text_length	24	static
../Drivers/lvgl/src/widgets/label/lv_label.c:1250:13:copy_text_to_label	16	static
../Drivers/lvgl/src/widgets/label/lv_label.c:1259:23:get_label_flags	24	static
../Drivers/lvgl/src/widgets/label/lv_label.c:1276:13:calculate_x_coordinate	32	static
