../Drivers/lvgl/src/widgets/image/../../core/../misc/../font/../draw/../misc/lv_area.h:302:20:lv_point_set	24	static
../Drivers/lvgl/src/widgets/image/../../core/../misc/../font/../draw/../misc/lv_area.h:377:23:lv_pct_to_px	16	static
../Drivers/lvgl/src/widgets/image/../../core/lv_obj_style_gen.h:417:24:lv_obj_get_style_image_opa	24	static
../Drivers/lvgl/src/widgets/image/../../core/lv_obj_style_gen.h:537:33:lv_obj_get_style_text_font	24	static
../Drivers/lvgl/src/widgets/image/../../core/lv_obj_style_gen.h:543:23:lv_obj_get_style_text_letter_space	24	static
../Drivers/lvgl/src/widgets/image/../../core/lv_obj_style_gen.h:549:23:lv_obj_get_style_text_line_space	24	static
../Drivers/lvgl/src/widgets/image/../../core/lv_obj_style_gen.h:567:23:lv_obj_get_style_radius	24	static
../Drivers/lvgl/src/widgets/image/lv_image.c:127:12:lv_image_create	24	static
../Drivers/lvgl/src/widgets/image/lv_image.c:139:6:lv_image_set_src	88	static
../Drivers/lvgl/src/widgets/image/lv_image.c:241:6:lv_image_set_offset_x	24	static
../Drivers/lvgl/src/widgets/image/lv_image.c:251:6:lv_image_set_offset_y	24	static
../Drivers/lvgl/src/widgets/image/lv_image.c:261:6:lv_image_set_rotation	80	static
../Drivers/lvgl/src/widgets/image/lv_image.c:306:6:lv_image_set_pivot	88	static
../Drivers/lvgl/src/widgets/image/lv_image.c:349:6:lv_image_set_scale	24	static
../Drivers/lvgl/src/widgets/image/lv_image.c:365:6:lv_image_set_scale_x	24	static
../Drivers/lvgl/src/widgets/image/lv_image.c:381:6:lv_image_set_scale_y	24	static
../Drivers/lvgl/src/widgets/image/lv_image.c:397:6:lv_image_set_blend_mode	24	static
../Drivers/lvgl/src/widgets/image/lv_image.c:411:6:lv_image_set_antialias	24	static
../Drivers/lvgl/src/widgets/image/lv_image.c:422:6:lv_image_set_inner_align	24	static
../Drivers/lvgl/src/widgets/image/lv_image.c:435:6:lv_image_set_bitmap_map_src	24	static
../Drivers/lvgl/src/widgets/image/lv_image.c:447:14:lv_image_get_src	24	static
../Drivers/lvgl/src/widgets/image/lv_image.c:456:9:lv_image_get_offset_x	24	static
../Drivers/lvgl/src/widgets/image/lv_image.c:465:9:lv_image_get_offset_y	24	static
../Drivers/lvgl/src/widgets/image/lv_image.c:474:9:lv_image_get_rotation	24	static
../Drivers/lvgl/src/widgets/image/lv_image.c:483:6:lv_image_get_pivot	24	static
../Drivers/lvgl/src/widgets/image/lv_image.c:493:9:lv_image_get_scale	24	static
../Drivers/lvgl/src/widgets/image/lv_image.c:502:9:lv_image_get_scale_x	24	static
../Drivers/lvgl/src/widgets/image/lv_image.c:511:9:lv_image_get_scale_y	24	static
../Drivers/lvgl/src/widgets/image/lv_image.c:520:17:lv_image_get_blend_mode	24	static
../Drivers/lvgl/src/widgets/image/lv_image.c:529:6:lv_image_get_antialias	24	static
../Drivers/lvgl/src/widgets/image/lv_image.c:538:18:lv_image_get_inner_align	24	static
../Drivers/lvgl/src/widgets/image/lv_image.c:547:24:lv_image_get_bitmap_map_src	24	static
../Drivers/lvgl/src/widgets/image/lv_image.c:560:13:lv_image_constructor	24	static
../Drivers/lvgl/src/widgets/image/lv_image.c:586:13:lv_image_destructor	24	static
../Drivers/lvgl/src/widgets/image/lv_image.c:597:13:lv_image_event	136	static
../Drivers/lvgl/src/widgets/image/lv_image.c:674:13:draw_image	224	static
../Drivers/lvgl/src/widgets/image/lv_image.c:802:13:scale_update	88	static
../Drivers/lvgl/src/widgets/image/lv_image.c:837:13:update_align	32	static
