../Drivers/lvgl/src/misc/../misc/../stdlib/lv_string.h:73:20:lv_memzero	16	static
../Drivers/lvgl/src/misc/lv_ll.h:84:20:_lv_ll_clear	16	static
../Drivers/lvgl/src/misc/lv_fs.c:46:6:_lv_fs_init	8	static
../Drivers/lvgl/src/misc/lv_fs.c:51:6:_lv_fs_deinit	8	static
../Drivers/lvgl/src/misc/lv_fs.c:56:6:lv_fs_is_ready	24	static
../Drivers/lvgl/src/misc/lv_fs.c:67:13:lv_fs_open	48	static
../Drivers/lvgl/src/misc/lv_fs.c:136:6:lv_fs_make_path_from_buffer	24	static
../Drivers/lvgl/src/misc/lv_fs.c:145:13:lv_fs_close	24	static
../Drivers/lvgl/src/misc/lv_fs.c:177:13:lv_fs_read	48	static
../Drivers/lvgl/src/misc/lv_fs.c:208:13:lv_fs_write	48	static
../Drivers/lvgl/src/misc/lv_fs.c:240:13:lv_fs_seek	40	static
../Drivers/lvgl/src/misc/lv_fs.c:268:13:lv_fs_tell	24	static
../Drivers/lvgl/src/misc/lv_fs.c:296:13:lv_fs_dir_open	32	static
../Drivers/lvgl/src/misc/lv_fs.c:335:13:lv_fs_dir_read	40	static
../Drivers/lvgl/src/misc/lv_fs.c:360:13:lv_fs_dir_close	24	static
../Drivers/lvgl/src/misc/lv_fs.c:382:6:lv_fs_drv_init	16	static
../Drivers/lvgl/src/misc/lv_fs.c:387:6:lv_fs_drv_register	24	static
../Drivers/lvgl/src/misc/lv_fs.c:398:15:lv_fs_get_drv	24	static
../Drivers/lvgl/src/misc/lv_fs.c:411:8:lv_fs_get_letters	24	static
../Drivers/lvgl/src/misc/lv_fs.c:426:14:lv_fs_get_ext	24	static
../Drivers/lvgl/src/misc/lv_fs.c:441:8:lv_fs_up	24	static
../Drivers/lvgl/src/misc/lv_fs.c:467:14:lv_fs_get_last	24	static
../Drivers/lvgl/src/misc/lv_fs.c:501:21:lv_fs_get_real_path	16	static
../Drivers/lvgl/src/misc/lv_fs.c:509:20:lv_fs_read_cached	88	static
../Drivers/lvgl/src/misc/lv_fs.c:594:20:lv_fs_write_cached	64	static
../Drivers/lvgl/src/misc/lv_fs.c:638:20:lv_fs_seek_cached	40	static
