../Drivers/lvgl/src/widgets/bar/../../core/../misc/../font/../draw/../misc/lv_area.h:119:20:lv_area_copy	16	static
../Drivers/lvgl/src/widgets/bar/../../core/../misc/../font/../draw/../misc/lv_area.h:132:23:lv_area_get_width	16	static
../Drivers/lvgl/src/widgets/bar/../../core/../misc/../font/../draw/../misc/lv_area.h:142:23:lv_area_get_height	16	static
../Drivers/lvgl/src/widgets/bar/../../core/../misc/lv_anim.h:192:20:lv_anim_set_var	16	static
../Drivers/lvgl/src/widgets/bar/../../core/../misc/lv_anim.h:204:20:lv_anim_set_exec_cb	16	static
../Drivers/lvgl/src/widgets/bar/../../core/../misc/lv_anim.h:214:20:lv_anim_set_duration	16	static
../Drivers/lvgl/src/widgets/bar/../../core/../misc/lv_anim.h:243:20:lv_anim_set_values	24	static
../Drivers/lvgl/src/widgets/bar/../../core/../misc/lv_anim.h:299:20:lv_anim_set_completed_cb	16	static
../Drivers/lvgl/src/widgets/bar/../../core/lv_obj_style_gen.h:81:23:lv_obj_get_style_transform_width	24	static
../Drivers/lvgl/src/widgets/bar/../../core/lv_obj_style_gen.h:87:23:lv_obj_get_style_transform_height	24	static
../Drivers/lvgl/src/widgets/bar/../../core/lv_obj_style_gen.h:147:23:lv_obj_get_style_pad_top	24	static
../Drivers/lvgl/src/widgets/bar/../../core/lv_obj_style_gen.h:153:23:lv_obj_get_style_pad_bottom	24	static
../Drivers/lvgl/src/widgets/bar/../../core/lv_obj_style_gen.h:159:23:lv_obj_get_style_pad_left	24	static
../Drivers/lvgl/src/widgets/bar/../../core/lv_obj_style_gen.h:165:23:lv_obj_get_style_pad_right	24	static
../Drivers/lvgl/src/widgets/bar/../../core/lv_obj_style_gen.h:567:23:lv_obj_get_style_radius	24	static
../Drivers/lvgl/src/widgets/bar/../../core/lv_obj_style_gen.h:609:24:lv_obj_get_style_anim_duration	24	static
../Drivers/lvgl/src/widgets/bar/../../core/lv_obj_style_gen.h:633:29:lv_obj_get_style_base_dir	24	static
../Drivers/lvgl/src/widgets/bar/lv_bar.c:79:12:lv_bar_create	24	static
../Drivers/lvgl/src/widgets/bar/lv_bar.c:91:6:lv_bar_set_value	40	static
../Drivers/lvgl/src/widgets/bar/lv_bar.c:106:6:lv_bar_set_start_value	40	static
../Drivers/lvgl/src/widgets/bar/lv_bar.c:124:6:lv_bar_set_range	40	static
../Drivers/lvgl/src/widgets/bar/lv_bar.c:154:6:lv_bar_set_mode	24	static
../Drivers/lvgl/src/widgets/bar/lv_bar.c:167:6:lv_bar_set_orientation	24	static
../Drivers/lvgl/src/widgets/bar/lv_bar.c:180:9:lv_bar_get_value	24	static
../Drivers/lvgl/src/widgets/bar/lv_bar.c:188:9:lv_bar_get_start_value	24	static
../Drivers/lvgl/src/widgets/bar/lv_bar.c:198:9:lv_bar_get_min_value	24	static
../Drivers/lvgl/src/widgets/bar/lv_bar.c:205:9:lv_bar_get_max_value	24	static
../Drivers/lvgl/src/widgets/bar/lv_bar.c:213:15:lv_bar_get_mode	24	static
../Drivers/lvgl/src/widgets/bar/lv_bar.c:221:22:lv_bar_get_orientation	24	static
../Drivers/lvgl/src/widgets/bar/lv_bar.c:229:6:lv_bar_is_symmetrical	24	static
../Drivers/lvgl/src/widgets/bar/lv_bar.c:242:13:lv_bar_constructor	24	static
../Drivers/lvgl/src/widgets/bar/lv_bar.c:270:13:lv_bar_destructor	24	static
../Drivers/lvgl/src/widgets/bar/lv_bar.c:279:13:draw_indic	608	static
../Drivers/lvgl/src/widgets/bar/lv_bar.c:584:13:lv_bar_event	56	static
../Drivers/lvgl/src/widgets/bar/lv_bar.c:625:13:lv_bar_anim	24	static
../Drivers/lvgl/src/widgets/bar/lv_bar.c:632:13:lv_bar_anim_completed	32	static
../Drivers/lvgl/src/widgets/bar/lv_bar.c:646:13:lv_bar_set_value_with_anim	112	static
../Drivers/lvgl/src/widgets/bar/lv_bar.c:686:13:lv_bar_init_anim	16	static
