../Core/Src/main.c:129:5:main	24	static
../Core/Src/main.c:235:6:SystemClock_Config	88	static
../Core/Src/main.c:290:13:MX_ADC1_Init	24	static
../Core/Src/main.c:342:13:MX_ADC2_Init	24	static
../Core/Src/main.c:394:13:MX_SPI1_Init	8	static
../Core/Src/main.c:432:13:MX_SPI2_Init	8	static
../Core/Src/main.c:470:13:MX_SPI3_Init	8	static
../Core/Src/main.c:508:13:MX_TIM1_Init	96	static
../Core/Src/main.c:583:13:MX_GPIO_Init	40	static
../Core/Src/main.c:668:9:PID_Loop	32	static
../Core/Src/main.c:693:6:control_oven	16	static
../Core/Src/main.c:706:6:HAL_ADC_ConvCpltCallback	24	static
../Core/Src/main.c:724:6:oven_task	16	static
../Core/Src/main.c:767:6:my_flush_cb	48	static
../Core/Src/main.c:781:6:my_touchpad_read	16	static
../Core/Src/main.c:792:6:HAL_GPIO_EXTI_Callback	16	static
../Core/Src/main.c:806:6:Error_Handler	4	static,ignoring_inline_asm
