../Drivers/lvgl/src/libs/bin_decoder/../../draw/../misc/lv_area.h:132:23:lv_area_get_width	16	static
../Drivers/lvgl/src/libs/bin_decoder/../../draw/lv_draw_buf.h:364:20:lv_draw_buf_from_image	16	static
../Drivers/lvgl/src/libs/bin_decoder/lv_bin_decoder.c:94:6:lv_bin_decoder_init	16	static
../Drivers/lvgl/src/libs/bin_decoder/lv_bin_decoder.c:113:13:lv_bin_decoder_info	48	static
../Drivers/lvgl/src/libs/bin_decoder/lv_bin_decoder.c:180:13:lv_bin_decoder_open	104	static
../Drivers/lvgl/src/libs/bin_decoder/lv_bin_decoder.c:357:6:lv_bin_decoder_close	24	static
../Drivers/lvgl/src/libs/bin_decoder/lv_bin_decoder.c:370:13:lv_bin_decoder_get_area	104	static
../Drivers/lvgl/src/libs/bin_decoder/lv_bin_decoder.c:512:25:get_decoder_data	24	static
../Drivers/lvgl/src/libs/bin_decoder/lv_bin_decoder.c:529:13:free_decoder_data	24	static
../Drivers/lvgl/src/libs/bin_decoder/lv_bin_decoder.c:546:20:decode_indexed	80	static
../Drivers/lvgl/src/libs/bin_decoder/lv_bin_decoder.c:668:20:load_indexed	16	static
../Drivers/lvgl/src/libs/bin_decoder/lv_bin_decoder.c:801:23:bit_extend	24	static
../Drivers/lvgl/src/libs/bin_decoder/lv_bin_decoder.c:815:20:decode_alpha_only	80	static
../Drivers/lvgl/src/libs/bin_decoder/lv_bin_decoder.c:886:20:decode_compressed	16	static
../Drivers/lvgl/src/libs/bin_decoder/lv_bin_decoder.c:1003:20:decode_indexed_line	40	static
../Drivers/lvgl/src/libs/bin_decoder/lv_bin_decoder.c:1051:20:fs_read_file_at	32	static
../Drivers/lvgl/src/libs/bin_decoder/lv_bin_decoder.c:1069:20:decompress_image	48	static
