../Drivers/lvgl/src/draw/../misc/lv_area.h:132:23:lv_area_get_width	16	static
../Drivers/lvgl/src/draw/../misc/lv_area.h:142:23:lv_area_get_height	16	static
../Drivers/lvgl/src/draw/../misc/../stdlib/lv_string.h:73:20:lv_memzero	16	static
../Drivers/lvgl/src/draw/../misc/lv_color.h:236:23:lv_color_format_get_size	16	static
../Drivers/lvgl/src/draw/../misc/lv_color.h:452:20:lv_color_premultiply	16	static
../Drivers/lvgl/src/draw/../misc/lv_color.h:468:20:lv_color16_premultiply	16	static
../Drivers/lvgl/src/draw/lv_draw_buf.h:344:20:lv_draw_buf_has_flag	16	static
../Drivers/lvgl/src/draw/lv_draw_buf.c:51:6:_lv_draw_buf_init_handlers	8	static
../Drivers/lvgl/src/draw/lv_draw_buf.c:58:6:lv_draw_buf_init_with_default_handlers	32	static
../Drivers/lvgl/src/draw/lv_draw_buf.c:63:6:lv_draw_buf_init_handlers	24	static
../Drivers/lvgl/src/draw/lv_draw_buf.c:80:26:lv_draw_buf_get_handlers	4	static
../Drivers/lvgl/src/draw/lv_draw_buf.c:85:10:lv_draw_buf_width_to_stride	16	static
../Drivers/lvgl/src/draw/lv_draw_buf.c:90:10:lv_draw_buf_width_to_stride_user	24	static
../Drivers/lvgl/src/draw/lv_draw_buf.c:97:8:lv_draw_buf_align	16	static
../Drivers/lvgl/src/draw/lv_draw_buf.c:102:8:lv_draw_buf_align_user	24	static
../Drivers/lvgl/src/draw/lv_draw_buf.c:108:6:lv_draw_buf_invalidate_cache	16	static
../Drivers/lvgl/src/draw/lv_draw_buf.c:113:6:lv_draw_buf_invalidate_cache_user	40	static
../Drivers/lvgl/src/draw/lv_draw_buf.c:131:6:lv_draw_buf_flush_cache	16	static
../Drivers/lvgl/src/draw/lv_draw_buf.c:136:6:lv_draw_buf_flush_cache_user	40	static
../Drivers/lvgl/src/draw/lv_draw_buf.c:154:6:lv_draw_buf_clear	48	static
../Drivers/lvgl/src/draw/lv_draw_buf.c:184:6:lv_draw_buf_copy	56	static
../Drivers/lvgl/src/draw/lv_draw_buf.c:239:13:lv_draw_buf_init	32	static
../Drivers/lvgl/src/draw/lv_draw_buf.c:270:17:lv_draw_buf_create	32	static
../Drivers/lvgl/src/draw/lv_draw_buf.c:275:17:lv_draw_buf_create_user	40	static
../Drivers/lvgl/src/draw/lv_draw_buf.c:306:17:lv_draw_buf_dup	16	static
../Drivers/lvgl/src/draw/lv_draw_buf.c:311:17:lv_draw_buf_dup_user	40	static
../Drivers/lvgl/src/draw/lv_draw_buf.c:328:17:lv_draw_buf_reshape	32	static
../Drivers/lvgl/src/draw/lv_draw_buf.c:352:6:lv_draw_buf_destroy	16	static
../Drivers/lvgl/src/draw/lv_draw_buf.c:357:6:lv_draw_buf_destroy_user	16	static
../Drivers/lvgl/src/draw/lv_draw_buf.c:371:8:lv_draw_buf_goto_xy	32	static
../Drivers/lvgl/src/draw/lv_draw_buf.c:387:13:lv_draw_buf_adjust_stride	72	static
../Drivers/lvgl/src/draw/lv_draw_buf.c:450:13:lv_draw_buf_premultiply	128	static
../Drivers/lvgl/src/draw/lv_draw_buf.c:528:6:lv_draw_buf_set_palette	32	static
../Drivers/lvgl/src/draw/lv_draw_buf.c:546:15:buf_malloc	16	static
../Drivers/lvgl/src/draw/lv_draw_buf.c:555:13:buf_free	16	static
../Drivers/lvgl/src/draw/lv_draw_buf.c:560:15:buf_align	24	static
../Drivers/lvgl/src/draw/lv_draw_buf.c:571:17:width_to_stride	24	static
../Drivers/lvgl/src/draw/lv_draw_buf.c:579:15:draw_buf_malloc	24	static
../Drivers/lvgl/src/draw/lv_draw_buf.c:586:13:draw_buf_free	16	static
../Drivers/lvgl/src/draw/lv_draw_buf.c:595:17:_calculate_draw_buf_size	32	static
../Drivers/lvgl/src/draw/lv_draw_buf.c:613:13:draw_buf_get_full_area	32	static
