../Drivers/lvgl/src/draw/../misc/../stdlib/lv_string.h:73:20:lv_memzero	16	static
../Drivers/lvgl/src/draw/lv_draw_buf.h:344:20:lv_draw_buf_has_flag	16	static
../Drivers/lvgl/src/draw/../draw/../misc/lv_ll.h:84:20:_lv_ll_clear	16	static
../Drivers/lvgl/src/draw/lv_image_decoder.c:59:6:_lv_image_decoder_init	16	static
../Drivers/lvgl/src/draw/lv_image_decoder.c:71:6:_lv_image_decoder_deinit	8	static
../Drivers/lvgl/src/draw/lv_image_decoder.c:79:13:lv_image_decoder_get_info	24	static
../Drivers/lvgl/src/draw/lv_image_decoder.c:87:13:lv_image_decoder_open	32	static
../Drivers/lvgl/src/draw/lv_image_decoder.c:141:13:lv_image_decoder_get_area	40	static
../Drivers/lvgl/src/draw/lv_image_decoder.c:150:6:lv_image_decoder_close	16	static
../Drivers/lvgl/src/draw/lv_image_decoder.c:166:22:lv_image_decoder_create	16	static
../Drivers/lvgl/src/draw/lv_image_decoder.c:178:6:lv_image_decoder_delete	16	static
../Drivers/lvgl/src/draw/lv_image_decoder.c:184:22:lv_image_decoder_get_next	16	static
../Drivers/lvgl/src/draw/lv_image_decoder.c:192:6:lv_image_decoder_set_info_cb	16	static
../Drivers/lvgl/src/draw/lv_image_decoder.c:197:6:lv_image_decoder_set_open_cb	16	static
../Drivers/lvgl/src/draw/lv_image_decoder.c:202:6:lv_image_decoder_set_get_area_cb	16	static
../Drivers/lvgl/src/draw/lv_image_decoder.c:207:6:lv_image_decoder_set_close_cb	16	static
../Drivers/lvgl/src/draw/lv_image_decoder.c:212:20:lv_image_decoder_add_to_cache	32	static
../Drivers/lvgl/src/draw/lv_image_decoder.c:235:17:lv_image_decoder_post_process	40	static
../Drivers/lvgl/src/draw/lv_image_decoder.c:288:29:image_decoder_get_info	112	static
../Drivers/lvgl/src/draw/lv_image_decoder.c:368:17:img_width_to_stride	24	static
../Drivers/lvgl/src/draw/lv_image_decoder.c:378:20:try_cache	56	static
