../Drivers/lvgl/src/widgets/textarea/../label/../../core/../misc/../font/../draw/../misc/lv_area.h:119:20:lv_area_copy	16	static
../Drivers/lvgl/src/widgets/textarea/../label/../../core/../misc/../font/../draw/../misc/lv_area.h:372:23:lv_pct	16	static
../Drivers/lvgl/src/widgets/textarea/../label/../../core/../misc/../font/../draw/../misc/lv_color.h:261:24:lv_color_to_int	24	static
../Drivers/lvgl/src/widgets/textarea/../label/../../core/../misc/../font/../draw/../misc/lv_color.h:273:20:lv_color_eq	24	static
../Drivers/lvgl/src/widgets/textarea/../label/../../core/../misc/../font/lv_font.h:176:23:lv_font_get_line_height	16	static
../Drivers/lvgl/src/widgets/textarea/../label/../../core/../misc/lv_anim.h:192:20:lv_anim_set_var	16	static
../Drivers/lvgl/src/widgets/textarea/../label/../../core/../misc/lv_anim.h:204:20:lv_anim_set_exec_cb	16	static
../Drivers/lvgl/src/widgets/textarea/../label/../../core/../misc/lv_anim.h:214:20:lv_anim_set_duration	16	static
../Drivers/lvgl/src/widgets/textarea/../label/../../core/../misc/lv_anim.h:243:20:lv_anim_set_values	24	static
../Drivers/lvgl/src/widgets/textarea/../label/../../core/../misc/lv_anim.h:268:20:lv_anim_set_path_cb	16	static
../Drivers/lvgl/src/widgets/textarea/../label/../../core/../misc/lv_anim.h:299:20:lv_anim_set_completed_cb	16	static
../Drivers/lvgl/src/widgets/textarea/../label/../../core/../misc/lv_anim.h:319:20:lv_anim_set_playback_duration	16	static
../Drivers/lvgl/src/widgets/textarea/../label/../../core/../misc/lv_anim.h:347:20:lv_anim_set_repeat_count	16	static
../Drivers/lvgl/src/widgets/textarea/../label/../../core/lv_obj_style_gen.h:147:23:lv_obj_get_style_pad_top	24	static
../Drivers/lvgl/src/widgets/textarea/../label/../../core/lv_obj_style_gen.h:153:23:lv_obj_get_style_pad_bottom	24	static
../Drivers/lvgl/src/widgets/textarea/../label/../../core/lv_obj_style_gen.h:159:23:lv_obj_get_style_pad_left	24	static
../Drivers/lvgl/src/widgets/textarea/../label/../../core/lv_obj_style_gen.h:165:23:lv_obj_get_style_pad_right	24	static
../Drivers/lvgl/src/widgets/textarea/../label/../../core/lv_obj_style_gen.h:327:23:lv_obj_get_style_border_width	24	static
../Drivers/lvgl/src/widgets/textarea/../label/../../core/lv_obj_style_gen.h:519:26:lv_obj_get_style_text_color	24	static
../Drivers/lvgl/src/widgets/textarea/../label/../../core/lv_obj_style_gen.h:537:33:lv_obj_get_style_text_font	24	static
../Drivers/lvgl/src/widgets/textarea/../label/../../core/lv_obj_style_gen.h:549:23:lv_obj_get_style_text_line_space	24	static
../Drivers/lvgl/src/widgets/textarea/../label/../../core/lv_obj_style_gen.h:609:24:lv_obj_get_style_anim_duration	24	static
../Drivers/lvgl/src/widgets/textarea/lv_textarea.c:91:12:lv_textarea_create	24	static
../Drivers/lvgl/src/widgets/textarea/lv_textarea.c:103:6:lv_textarea_add_char	64	static
../Drivers/lvgl/src/widgets/textarea/lv_textarea.c:175:6:lv_textarea_add_text	48	static
../Drivers/lvgl/src/widgets/textarea/lv_textarea.c:225:6:lv_textarea_delete_char	48	static
../Drivers/lvgl/src/widgets/textarea/lv_textarea.c:269:6:lv_textarea_delete_char_forward	24	static
../Drivers/lvgl/src/widgets/textarea/lv_textarea.c:282:6:lv_textarea_set_text	32	static
../Drivers/lvgl/src/widgets/textarea/lv_textarea.c:328:6:lv_textarea_set_placeholder_text	24	static
../Drivers/lvgl/src/widgets/textarea/lv_textarea.c:357:6:lv_textarea_set_cursor_pos	56	static
../Drivers/lvgl/src/widgets/textarea/lv_textarea.c:409:6:lv_textarea_set_cursor_click_pos	24	static
../Drivers/lvgl/src/widgets/textarea/lv_textarea.c:417:6:lv_textarea_set_password_mode	24	static
../Drivers/lvgl/src/widgets/textarea/lv_textarea.c:448:6:lv_textarea_set_password_bullet	24	static
../Drivers/lvgl/src/widgets/textarea/lv_textarea.c:478:6:lv_textarea_set_one_line	32	static
../Drivers/lvgl/src/widgets/textarea/lv_textarea.c:502:6:lv_textarea_set_accepted_chars	24	static
../Drivers/lvgl/src/widgets/textarea/lv_textarea.c:511:6:lv_textarea_set_max_length	24	static
../Drivers/lvgl/src/widgets/textarea/lv_textarea.c:520:6:lv_textarea_set_insert_replace	16	static
../Drivers/lvgl/src/widgets/textarea/lv_textarea.c:528:6:lv_textarea_set_text_selection	24	static
../Drivers/lvgl/src/widgets/textarea/lv_textarea.c:544:6:lv_textarea_set_password_show_time	24	static
../Drivers/lvgl/src/widgets/textarea/lv_textarea.c:553:6:lv_textarea_set_align	16	static
../Drivers/lvgl/src/widgets/textarea/lv_textarea.c:576:14:lv_textarea_get_text	24	static
../Drivers/lvgl/src/widgets/textarea/lv_textarea.c:593:14:lv_textarea_get_placeholder_text	24	static
../Drivers/lvgl/src/widgets/textarea/lv_textarea.c:602:12:lv_textarea_get_label	24	static
../Drivers/lvgl/src/widgets/textarea/lv_textarea.c:610:10:lv_textarea_get_cursor_pos	24	static
../Drivers/lvgl/src/widgets/textarea/lv_textarea.c:618:6:lv_textarea_get_cursor_click_pos	24	static
../Drivers/lvgl/src/widgets/textarea/lv_textarea.c:626:6:lv_textarea_get_password_mode	24	static
../Drivers/lvgl/src/widgets/textarea/lv_textarea.c:634:14:lv_textarea_get_password_bullet	48	static
../Drivers/lvgl/src/widgets/textarea/lv_textarea.c:651:6:lv_textarea_get_one_line	24	static
../Drivers/lvgl/src/widgets/textarea/lv_textarea.c:659:14:lv_textarea_get_accepted_chars	24	static
../Drivers/lvgl/src/widgets/textarea/lv_textarea.c:668:10:lv_textarea_get_max_length	24	static
../Drivers/lvgl/src/widgets/textarea/lv_textarea.c:676:6:lv_textarea_text_is_selected	24	static
../Drivers/lvgl/src/widgets/textarea/lv_textarea.c:696:6:lv_textarea_get_text_selection	24	static
../Drivers/lvgl/src/widgets/textarea/lv_textarea.c:709:10:lv_textarea_get_password_show_time	24	static
../Drivers/lvgl/src/widgets/textarea/lv_textarea.c:718:10:lv_textarea_get_current_char	32	static
../Drivers/lvgl/src/widgets/textarea/lv_textarea.c:735:6:lv_textarea_clear_selection	24	static
../Drivers/lvgl/src/widgets/textarea/lv_textarea.c:752:6:lv_textarea_cursor_right	24	static
../Drivers/lvgl/src/widgets/textarea/lv_textarea.c:761:6:lv_textarea_cursor_left	24	static
../Drivers/lvgl/src/widgets/textarea/lv_textarea.c:772:6:lv_textarea_cursor_down	56	static
../Drivers/lvgl/src/widgets/textarea/lv_textarea.c:801:6:lv_textarea_cursor_up	56	static
../Drivers/lvgl/src/widgets/textarea/lv_textarea.c:829:13:lv_textarea_constructor	32	static
../Drivers/lvgl/src/widgets/textarea/lv_textarea.c:868:13:lv_textarea_destructor	24	static
../Drivers/lvgl/src/widgets/textarea/lv_textarea.c:887:13:lv_textarea_event	32	static
../Drivers/lvgl/src/widgets/textarea/lv_textarea.c:938:13:label_event_cb	32	static
../Drivers/lvgl/src/widgets/textarea/lv_textarea.c:956:13:cursor_blink_anim_cb	40	static
../Drivers/lvgl/src/widgets/textarea/lv_textarea.c:978:13:pwd_char_hider_anim	16	static
../Drivers/lvgl/src/widgets/textarea/lv_textarea.c:988:13:pwd_char_hider_anim_completed	24	static
../Drivers/lvgl/src/widgets/textarea/lv_textarea.c:998:13:pwd_char_hider	48	static
../Drivers/lvgl/src/widgets/textarea/lv_textarea.c:1034:13:char_is_accepted	40	static
../Drivers/lvgl/src/widgets/textarea/lv_textarea.c:1055:13:start_cursor_blink	112	static
../Drivers/lvgl/src/widgets/textarea/lv_textarea.c:1077:13:refr_cursor_area	136	static
../Drivers/lvgl/src/widgets/textarea/lv_textarea.c:1158:13:update_cursor_position_on_click	88	static
../Drivers/lvgl/src/widgets/textarea/lv_textarea.c:1276:20:insert_handler	16	static
../Drivers/lvgl/src/widgets/textarea/lv_textarea.c:1296:13:draw_placeholder	144	static
../Drivers/lvgl/src/widgets/textarea/lv_textarea.c:1322:13:draw_cursor	280	static
../Drivers/lvgl/src/widgets/textarea/lv_textarea.c:1369:13:auto_hide_characters	112	static
../Drivers/lvgl/src/widgets/textarea/lv_textarea.c:1389:13:auto_hide_characters_cancel	16	static
../Drivers/lvgl/src/widgets/textarea/lv_textarea.c:1394:20:is_valid_but_non_printable_char	16	static
